2026-07-31 00:18:23,292 [INFO] __main__: Bot ishga tushdi | Asosiy adminlar: [5256286450, 6559878728, 5678281376, 991729905]
2026-07-31 00:18:23,293 [INFO] aiogram.dispatcher: Start polling
2026-07-31 00:18:23,295 [INFO] handlers.api: Web API Server 8000 portda ishga tushdi.
2026-07-31 00:18:23,647 [INFO] aiogram.dispatcher: Run polling for bot @open_budget_1102_bot id=8584314885 - 'Open Budget bot'
2026-07-31 00:18:53,712 [INFO] aiohttp.access: 127.0.0.1 [31/Jul/2026:00:18:53 +0500] "GET / HTTP/1.1" 200 236 "-" "Mozilla/5.0 (iPhone; CPU iPhone OS 18_5 like Mac OS X) AppleWebKit/605.1.15 (KHTML, like Gecko) Version/18.5 Mobile/15E148 Safari/604.1"
2026-07-31 00:18:53,741 [INFO] aiohttp.access: 127.0.0.1 [31/Jul/2026:00:18:53 +0500] "GET /.well-known/appspecific/com.chrome.devtools.json HTTP/1.1" 405 208 "-" "Mozilla/5.0 (X11; Linux x86_64) AppleWebKit/537.36 (KHTML, like Gecko) Chrome/149.0.0.0 Safari/537.36"
2026-07-31 00:18:53,746 [INFO] aiohttp.access: 127.0.0.1 [31/Jul/2026:00:18:53 +0500] "GET /assets/index-D6uZZa4N.js HTTP/1.1" 200 247 "http://localhost:8000/" "Mozilla/5.0 (iPhone; CPU iPhone OS 18_5 like Mac OS X) AppleWebKit/605.1.15 (KHTML, like Gecko) Version/18.5 Mobile/15E148 Safari/604.1"
2026-07-31 00:18:53,746 [INFO] aiohttp.access: 127.0.0.1 [31/Jul/2026:00:18:53 +0500] "GET /assets/index-DArtCIl3.css HTTP/1.1" 200 238 "http://localhost:8000/" "Mozilla/5.0 (iPhone; CPU iPhone OS 18_5 like Mac OS X) AppleWebKit/605.1.15 (KHTML, like Gecko) Version/18.5 Mobile/15E148 Safari/604.1"
2026-07-31 00:18:53,755 [INFO] aiohttp.access: 127.0.0.1 [31/Jul/2026:00:18:53 +0500] "GET /assets/index-D6uZZa4N.js HTTP/1.1" 200 247 "-" "Mozilla/5.0 (X11; Linux x86_64) AppleWebKit/537.36 (KHTML, like Gecko) Chrome/149.0.0.0 Safari/537.36"
2026-07-31 00:18:54,430 [INFO] aiohttp.access: 127.0.0.1 [31/Jul/2026:00:18:54 +0500] "GET /favicon.svg HTTP/1.1" 405 208 "http://localhost:8000/" "Mozilla/5.0 (iPhone; CPU iPhone OS 18_5 like Mac OS X) AppleWebKit/605.1.15 (KHTML, like Gecko) Version/18.5 Mobile/15E148 Safari/604.1"
2026-07-31 00:54:12,706 [ERROR] aiogram.dispatcher: Failed to fetch updates - TelegramNetworkError: HTTP Client says - Request timeout error
2026-07-31 00:54:12,707 [WARNING] aiogram.dispatcher: Sleep for 1.000000 seconds and try again... (tryings = 0, bot id = 8584314885)
2026-07-31 00:54:24,049 [INFO] aiogram.dispatcher: Connection established (tryings = 1, bot id = 8584314885)
2026-07-31 00:55:31,008 [INFO] aiohttp.access: 127.0.0.1 [31/Jul/2026:00:55:31 +0500] "GET / HTTP/1.1" 200 236 "-" "Mozilla/5.0 (iPhone; CPU iPhone OS 18_5 like Mac OS X) AppleWebKit/605.1.15 (KHTML, like Gecko) Version/18.5 Mobile/15E148 Safari/604.1"
2026-07-31 00:55:31,042 [INFO] aiohttp.access: 127.0.0.1 [31/Jul/2026:00:55:31 +0500] "GET /assets/index-DArtCIl3.css HTTP/1.1" 200 238 "http://localhost:8000/" "Mozilla/5.0 (iPhone; CPU iPhone OS 18_5 like Mac OS X) AppleWebKit/605.1.15 (KHTML, like Gecko) Version/18.5 Mobile/15E148 Safari/604.1"
2026-07-31 00:55:31,042 [INFO] aiohttp.access: 127.0.0.1 [31/Jul/2026:00:55:31 +0500] "GET /assets/index-D6uZZa4N.js HTTP/1.1" 200 247 "http://localhost:8000/" "Mozilla/5.0 (iPhone; CPU iPhone OS 18_5 like Mac OS X) AppleWebKit/605.1.15 (KHTML, like Gecko) Version/18.5 Mobile/15E148 Safari/604.1"
2026-07-31 00:55:31,059 [INFO] aiohttp.access: 127.0.0.1 [31/Jul/2026:00:55:31 +0500] "GET /assets/index-D6uZZa4N.js HTTP/1.1" 304 180 "-" "Mozilla/5.0 (X11; Linux x86_64) AppleWebKit/537.36 (KHTML, like Gecko) Chrome/149.0.0.0 Safari/537.36"
2026-07-31 00:55:31,076 [INFO] aiohttp.access: 127.0.0.1 [31/Jul/2026:00:55:31 +0500] "GET /.well-known/appspecific/com.chrome.devtools.json HTTP/1.1" 405 208 "-" "Mozilla/5.0 (X11; Linux x86_64) AppleWebKit/537.36 (KHTML, like Gecko) Chrome/149.0.0.0 Safari/537.36"
2026-07-31 00:55:32,277 [INFO] aiohttp.access: 127.0.0.1 [31/Jul/2026:00:55:32 +0500] "GET /favicon.svg HTTP/1.1" 405 208 "http://localhost:8000/" "Mozilla/5.0 (iPhone; CPU iPhone OS 18_5 like Mac OS X) AppleWebKit/605.1.15 (KHTML, like Gecko) Version/18.5 Mobile/15E148 Safari/604.1"
2026-07-31 01:16:48,855 [INFO] aiogram.event: Update id=405903099 is handled. Duration 3417 ms by bot id=8584314885
2026-07-31 01:16:56,748 [INFO] aiogram.event: Update id=405903100 is handled. Duration 851 ms by bot id=8584314885
2026-07-31 01:17:10,730 [INFO] aiogram.event: Update id=405903101 is handled. Duration 2294 ms by bot id=8584314885
2026-07-31 01:17:15,957 [INFO] aiogram.event: Update id=405903102 is handled. Duration 766 ms by bot id=8584314885
2026-07-31 01:17:18,354 [INFO] aiogram.event: Update id=405903103 is handled. Duration 717 ms by bot id=8584314885
2026-07-31 01:17:22,097 [INFO] aiogram.event: Update id=405903104 is handled. Duration 772 ms by bot id=8584314885
2026-07-31 01:17:24,193 [INFO] aiogram.event: Update id=405903105 is handled. Duration 698 ms by bot id=8584314885
2026-07-31 01:17:27,233 [INFO] aiogram.event: Update id=405903106 is not handled. Duration 787 ms by bot id=8584314885
2026-07-31 01:17:27,233 [ERROR] aiogram.event: Cause exception while process update id=405903106 by bot id=8584314885
DataError: invalid input for query argument $3: <State 'AdminState:waiting_reject_note'> (expected str, got State)
Traceback (most recent call last):
  File "asyncpg/protocol/prepared_stmt.pyx", line 175, in asyncpg.protocol.protocol.PreparedStatementState._encode_bind_msg
  File "asyncpg/protocol/codecs/base.pyx", line 251, in asyncpg.protocol.protocol.Codec.encode
  File "asyncpg/protocol/codecs/base.pyx", line 153, in asyncpg.protocol.protocol.Codec.encode_scalar
    self.c_encoder(settings, buf, obj)
  File "asyncpg/pgproto/codecs/text.pyx", line 29, in asyncpg.pgproto.pgproto.text_encode
  File "asyncpg/pgproto/codecs/text.pyx", line 12, in asyncpg.pgproto.pgproto.as_pg_string_and_size
    raise TypeError('expected str, got {}'.format(type(obj).__name__))
TypeError: expected str, got State

The above exception was the direct cause of the following exception:

Traceback (most recent call last):
  File "/home/farrukh/Frontend/openbudjet-bot/venv/lib/python3.14/site-packages/aiogram/dispatcher/dispatcher.py", line 320, in _process_update
    response = await self.feed_update(bot, update, **kwargs)
               ^^^^^^^^^^^^^^^^^^^^^^^^^^^^^^^^^^^^^^^^^^^^^
  File "/home/farrukh/Frontend/openbudjet-bot/venv/lib/python3.14/site-packages/aiogram/dispatcher/dispatcher.py", line 164, in feed_update
    response = await self.update.wrap_outer_middleware(
               ^^^^^^^^^^^^^^^^^^^^^^^^^^^^^^^^^^^^^^^^
    ...<7 lines>...
    )
    ^
  File "/home/farrukh/Frontend/openbudjet-bot/venv/lib/python3.14/site-packages/aiogram/dispatcher/middlewares/error.py", line 27, in __call__
    return await handler(event, data)
           ^^^^^^^^^^^^^^^^^^^^^^^^^^
  File "/home/farrukh/Frontend/openbudjet-bot/venv/lib/python3.14/site-packages/aiogram/dispatcher/middlewares/user_context.py", line 58, in __call__
    return await handler(event, data)
           ^^^^^^^^^^^^^^^^^^^^^^^^^^
  File "/home/farrukh/Frontend/openbudjet-bot/venv/lib/python3.14/site-packages/aiogram/fsm/middleware.py", line 43, in __call__
    return await handler(event, data)
           ^^^^^^^^^^^^^^^^^^^^^^^^^^
  File "/home/farrukh/Frontend/openbudjet-bot/venv/lib/python3.14/site-packages/aiogram/dispatcher/event/telegram.py", line 126, in trigger
    return await wrapped_inner(event, kwargs)
           ^^^^^^^^^^^^^^^^^^^^^^^^^^^^^^^^^^
  File "/home/farrukh/Frontend/openbudjet-bot/venv/lib/python3.14/site-packages/aiogram/dispatcher/event/handler.py", line 71, in call
    return await wrapped()
           ^^^^^^^^^^^^^^^
  File "/home/farrukh/Frontend/openbudjet-bot/venv/lib/python3.14/site-packages/aiogram/dispatcher/dispatcher.py", line 283, in _listen_update
    return await self.propagate_event(update_type=update_type, event=event, **kwargs)
           ^^^^^^^^^^^^^^^^^^^^^^^^^^^^^^^^^^^^^^^^^^^^^^^^^^^^^^^^^^^^^^^^^^^^^^^^^^
  File "/home/farrukh/Frontend/openbudjet-bot/venv/lib/python3.14/site-packages/aiogram/dispatcher/router.py", line 167, in propagate_event
    return await observer.wrap_outer_middleware(_wrapped, event=event, data=kwargs)
           ^^^^^^^^^^^^^^^^^^^^^^^^^^^^^^^^^^^^^^^^^^^^^^^^^^^^^^^^^^^^^^^^^^^^^^^^
  File "/home/farrukh/Frontend/openbudjet-bot/venv/lib/python3.14/site-packages/aiogram/dispatcher/router.py", line 159, in _wrapped
    return await self._propagate_event(
           ^^^^^^^^^^^^^^^^^^^^^^^^^^^^
    ...<4 lines>...
    )
    ^
  File "/home/farrukh/Frontend/openbudjet-bot/venv/lib/python3.14/site-packages/aiogram/dispatcher/router.py", line 195, in _propagate_event
    response = await router.propagate_event(update_type=update_type, event=event, **kwargs)
               ^^^^^^^^^^^^^^^^^^^^^^^^^^^^^^^^^^^^^^^^^^^^^^^^^^^^^^^^^^^^^^^^^^^^^^^^^^^^
  File "/home/farrukh/Frontend/openbudjet-bot/venv/lib/python3.14/site-packages/aiogram/dispatcher/router.py", line 167, in propagate_event
    return await observer.wrap_outer_middleware(_wrapped, event=event, data=kwargs)
           ^^^^^^^^^^^^^^^^^^^^^^^^^^^^^^^^^^^^^^^^^^^^^^^^^^^^^^^^^^^^^^^^^^^^^^^^
  File "/home/farrukh/Frontend/openbudjet-bot/venv/lib/python3.14/site-packages/aiogram/dispatcher/router.py", line 159, in _wrapped
    return await self._propagate_event(
           ^^^^^^^^^^^^^^^^^^^^^^^^^^^^
    ...<4 lines>...
    )
    ^
  File "/home/farrukh/Frontend/openbudjet-bot/venv/lib/python3.14/site-packages/aiogram/dispatcher/router.py", line 187, in _propagate_event
    response = await observer.trigger(event, **kwargs)
               ^^^^^^^^^^^^^^^^^^^^^^^^^^^^^^^^^^^^^^^
  File "/home/farrukh/Frontend/openbudjet-bot/venv/lib/python3.14/site-packages/aiogram/dispatcher/event/telegram.py", line 126, in trigger
    return await wrapped_inner(event, kwargs)
           ^^^^^^^^^^^^^^^^^^^^^^^^^^^^^^^^^^
  File "/home/farrukh/Frontend/openbudjet-bot/venv/lib/python3.14/site-packages/aiogram/dispatcher/event/handler.py", line 71, in call
    return await wrapped()
           ^^^^^^^^^^^^^^^
  File "/home/farrukh/Frontend/openbudjet-bot/handlers/admin.py", line 163, in admin_search_prompt
    await state.set_state(AdminState.waiting_reject_note)
  File "/home/farrukh/Frontend/openbudjet-bot/venv/lib/python3.14/site-packages/aiogram/fsm/context.py", line 13, in set_state
    await self.storage.set_state(key=self.key, state=state)
  File "/home/farrukh/Frontend/openbudjet-bot/database/fsm_storage.py", line 33, in set_state
    await conn.execute(
    ...<10 lines>...
    )
  File "/home/farrukh/Frontend/openbudjet-bot/venv/lib/python3.14/site-packages/asyncpg/connection.py", line 357, in execute
    _, status, _ = await self._execute(
                   ^^^^^^^^^^^^^^^^^^^^
    ...<5 lines>...
    )
    ^
  File "/home/farrukh/Frontend/openbudjet-bot/venv/lib/python3.14/site-packages/asyncpg/connection.py", line 1873, in _execute
    result, _ = await self.__execute(
                ^^^^^^^^^^^^^^^^^^^^^
    ...<7 lines>...
    )
    ^
  File "/home/farrukh/Frontend/openbudjet-bot/venv/lib/python3.14/site-packages/asyncpg/connection.py", line 1970, in __execute
    result, stmt = await self._do_execute(
                   ^^^^^^^^^^^^^^^^^^^^^^^
    ...<5 lines>...
    )
    ^
  File "/home/farrukh/Frontend/openbudjet-bot/venv/lib/python3.14/site-packages/asyncpg/connection.py", line 2033, in _do_execute
    result = await executor(stmt, None)
             ^^^^^^^^^^^^^^^^^^^^^^^^^^
  File "asyncpg/protocol/protocol.pyx", line 184, in bind_execute
  File "asyncpg/protocol/prepared_stmt.pyx", line 204, in asyncpg.protocol.protocol.PreparedStatementState._encode_bind_msg
asyncpg.exceptions.DataError: invalid input for query argument $3: <State 'AdminState:waiting_reject_note'> (expected str, got State)
2026-07-31 01:17:29,454 [INFO] aiogram.event: Update id=405903107 is handled. Duration 1137 ms by bot id=8584314885
2026-07-31 01:17:31,780 [INFO] aiogram.event: Update id=405903108 is handled. Duration 417 ms by bot id=8584314885
2026-07-31 01:18:23,584 [INFO] aiogram.event: Update id=405903109 is handled. Duration 409 ms by bot id=8584314885
2026-07-31 01:18:26,287 [INFO] aiogram.event: Update id=405903110 is not handled. Duration 347 ms by bot id=8584314885
2026-07-31 01:18:26,287 [ERROR] aiogram.event: Cause exception while process update id=405903110 by bot id=8584314885
AttributeError: 'Bot' object has no attribute 'dispatcher'
Traceback (most recent call last):
  File "/home/farrukh/Frontend/openbudjet-bot/venv/lib/python3.14/site-packages/aiogram/dispatcher/dispatcher.py", line 320, in _process_update
    response = await self.feed_update(bot, update, **kwargs)
               ^^^^^^^^^^^^^^^^^^^^^^^^^^^^^^^^^^^^^^^^^^^^^
  File "/home/farrukh/Frontend/openbudjet-bot/venv/lib/python3.14/site-packages/aiogram/dispatcher/dispatcher.py", line 164, in feed_update
    response = await self.update.wrap_outer_middleware(
               ^^^^^^^^^^^^^^^^^^^^^^^^^^^^^^^^^^^^^^^^
    ...<7 lines>...
    )
    ^
  File "/home/farrukh/Frontend/openbudjet-bot/venv/lib/python3.14/site-packages/aiogram/dispatcher/middlewares/error.py", line 27, in __call__
    return await handler(event, data)
           ^^^^^^^^^^^^^^^^^^^^^^^^^^
  File "/home/farrukh/Frontend/openbudjet-bot/venv/lib/python3.14/site-packages/aiogram/dispatcher/middlewares/user_context.py", line 58, in __call__
    return await handler(event, data)
           ^^^^^^^^^^^^^^^^^^^^^^^^^^
  File "/home/farrukh/Frontend/openbudjet-bot/venv/lib/python3.14/site-packages/aiogram/fsm/middleware.py", line 43, in __call__
    return await handler(event, data)
           ^^^^^^^^^^^^^^^^^^^^^^^^^^
  File "/home/farrukh/Frontend/openbudjet-bot/venv/lib/python3.14/site-packages/aiogram/dispatcher/event/telegram.py", line 126, in trigger
    return await wrapped_inner(event, kwargs)
           ^^^^^^^^^^^^^^^^^^^^^^^^^^^^^^^^^^
  File "/home/farrukh/Frontend/openbudjet-bot/venv/lib/python3.14/site-packages/aiogram/dispatcher/event/handler.py", line 71, in call
    return await wrapped()
           ^^^^^^^^^^^^^^^
  File "/home/farrukh/Frontend/openbudjet-bot/venv/lib/python3.14/site-packages/aiogram/dispatcher/dispatcher.py", line 283, in _listen_update
    return await self.propagate_event(update_type=update_type, event=event, **kwargs)
           ^^^^^^^^^^^^^^^^^^^^^^^^^^^^^^^^^^^^^^^^^^^^^^^^^^^^^^^^^^^^^^^^^^^^^^^^^^
  File "/home/farrukh/Frontend/openbudjet-bot/venv/lib/python3.14/site-packages/aiogram/dispatcher/router.py", line 167, in propagate_event
    return await observer.wrap_outer_middleware(_wrapped, event=event, data=kwargs)
           ^^^^^^^^^^^^^^^^^^^^^^^^^^^^^^^^^^^^^^^^^^^^^^^^^^^^^^^^^^^^^^^^^^^^^^^^
  File "/home/farrukh/Frontend/openbudjet-bot/venv/lib/python3.14/site-packages/aiogram/dispatcher/router.py", line 159, in _wrapped
    return await self._propagate_event(
           ^^^^^^^^^^^^^^^^^^^^^^^^^^^^
    ...<4 lines>...
    )
    ^
  File "/home/farrukh/Frontend/openbudjet-bot/venv/lib/python3.14/site-packages/aiogram/dispatcher/router.py", line 195, in _propagate_event
    response = await router.propagate_event(update_type=update_type, event=event, **kwargs)
               ^^^^^^^^^^^^^^^^^^^^^^^^^^^^^^^^^^^^^^^^^^^^^^^^^^^^^^^^^^^^^^^^^^^^^^^^^^^^
  File "/home/farrukh/Frontend/openbudjet-bot/venv/lib/python3.14/site-packages/aiogram/dispatcher/router.py", line 167, in propagate_event
    return await observer.wrap_outer_middleware(_wrapped, event=event, data=kwargs)
           ^^^^^^^^^^^^^^^^^^^^^^^^^^^^^^^^^^^^^^^^^^^^^^^^^^^^^^^^^^^^^^^^^^^^^^^^
  File "/home/farrukh/Frontend/openbudjet-bot/venv/lib/python3.14/site-packages/aiogram/dispatcher/router.py", line 159, in _wrapped
    return await self._propagate_event(
           ^^^^^^^^^^^^^^^^^^^^^^^^^^^^
    ...<4 lines>...
    )
    ^
  File "/home/farrukh/Frontend/openbudjet-bot/venv/lib/python3.14/site-packages/aiogram/dispatcher/router.py", line 187, in _propagate_event
    response = await observer.trigger(event, **kwargs)
               ^^^^^^^^^^^^^^^^^^^^^^^^^^^^^^^^^^^^^^^
  File "/home/farrukh/Frontend/openbudjet-bot/venv/lib/python3.14/site-packages/aiogram/dispatcher/event/telegram.py", line 126, in trigger
    return await wrapped_inner(event, kwargs)
           ^^^^^^^^^^^^^^^^^^^^^^^^^^^^^^^^^^
  File "/home/farrukh/Frontend/openbudjet-bot/venv/lib/python3.14/site-packages/aiogram/dispatcher/event/handler.py", line 71, in call
    return await wrapped()
           ^^^^^^^^^^^^^^^
  File "/home/farrukh/Frontend/openbudjet-bot/handlers/user.py", line 132, in cmd_initiative_info
    session = message.bot.dispatcher.workflow_data.get("session")
              ^^^^^^^^^^^^^^^^^^^^^^
AttributeError: 'Bot' object has no attribute 'dispatcher'
2026-07-31 01:18:52,415 [INFO] aiogram.event: Update id=405903111 is not handled. Duration 367 ms by bot id=8584314885
2026-07-31 01:18:52,415 [ERROR] aiogram.event: Cause exception while process update id=405903111 by bot id=8584314885
AttributeError: 'Bot' object has no attribute 'dispatcher'
Traceback (most recent call last):
  File "/home/farrukh/Frontend/openbudjet-bot/venv/lib/python3.14/site-packages/aiogram/dispatcher/dispatcher.py", line 320, in _process_update
    response = await self.feed_update(bot, update, **kwargs)
               ^^^^^^^^^^^^^^^^^^^^^^^^^^^^^^^^^^^^^^^^^^^^^
  File "/home/farrukh/Frontend/openbudjet-bot/venv/lib/python3.14/site-packages/aiogram/dispatcher/dispatcher.py", line 164, in feed_update
    response = await self.update.wrap_outer_middleware(
               ^^^^^^^^^^^^^^^^^^^^^^^^^^^^^^^^^^^^^^^^
    ...<7 lines>...
    )
    ^
  File "/home/farrukh/Frontend/openbudjet-bot/venv/lib/python3.14/site-packages/aiogram/dispatcher/middlewares/error.py", line 27, in __call__
    return await handler(event, data)
           ^^^^^^^^^^^^^^^^^^^^^^^^^^
  File "/home/farrukh/Frontend/openbudjet-bot/venv/lib/python3.14/site-packages/aiogram/dispatcher/middlewares/user_context.py", line 58, in __call__
    return await handler(event, data)
           ^^^^^^^^^^^^^^^^^^^^^^^^^^
  File "/home/farrukh/Frontend/openbudjet-bot/venv/lib/python3.14/site-packages/aiogram/fsm/middleware.py", line 43, in __call__
    return await handler(event, data)
           ^^^^^^^^^^^^^^^^^^^^^^^^^^
  File "/home/farrukh/Frontend/openbudjet-bot/venv/lib/python3.14/site-packages/aiogram/dispatcher/event/telegram.py", line 126, in trigger
    return await wrapped_inner(event, kwargs)
           ^^^^^^^^^^^^^^^^^^^^^^^^^^^^^^^^^^
  File "/home/farrukh/Frontend/openbudjet-bot/venv/lib/python3.14/site-packages/aiogram/dispatcher/event/handler.py", line 71, in call
    return await wrapped()
           ^^^^^^^^^^^^^^^
  File "/home/farrukh/Frontend/openbudjet-bot/venv/lib/python3.14/site-packages/aiogram/dispatcher/dispatcher.py", line 283, in _listen_update
    return await self.propagate_event(update_type=update_type, event=event, **kwargs)
           ^^^^^^^^^^^^^^^^^^^^^^^^^^^^^^^^^^^^^^^^^^^^^^^^^^^^^^^^^^^^^^^^^^^^^^^^^^
  File "/home/farrukh/Frontend/openbudjet-bot/venv/lib/python3.14/site-packages/aiogram/dispatcher/router.py", line 167, in propagate_event
    return await observer.wrap_outer_middleware(_wrapped, event=event, data=kwargs)
           ^^^^^^^^^^^^^^^^^^^^^^^^^^^^^^^^^^^^^^^^^^^^^^^^^^^^^^^^^^^^^^^^^^^^^^^^
  File "/home/farrukh/Frontend/openbudjet-bot/venv/lib/python3.14/site-packages/aiogram/dispatcher/router.py", line 159, in _wrapped
    return await self._propagate_event(
           ^^^^^^^^^^^^^^^^^^^^^^^^^^^^
    ...<4 lines>...
    )
    ^
  File "/home/farrukh/Frontend/openbudjet-bot/venv/lib/python3.14/site-packages/aiogram/dispatcher/router.py", line 195, in _propagate_event
    response = await router.propagate_event(update_type=update_type, event=event, **kwargs)
               ^^^^^^^^^^^^^^^^^^^^^^^^^^^^^^^^^^^^^^^^^^^^^^^^^^^^^^^^^^^^^^^^^^^^^^^^^^^^
  File "/home/farrukh/Frontend/openbudjet-bot/venv/lib/python3.14/site-packages/aiogram/dispatcher/router.py", line 167, in propagate_event
    return await observer.wrap_outer_middleware(_wrapped, event=event, data=kwargs)
           ^^^^^^^^^^^^^^^^^^^^^^^^^^^^^^^^^^^^^^^^^^^^^^^^^^^^^^^^^^^^^^^^^^^^^^^^
  File "/home/farrukh/Frontend/openbudjet-bot/venv/lib/python3.14/site-packages/aiogram/dispatcher/router.py", line 159, in _wrapped
    return await self._propagate_event(
           ^^^^^^^^^^^^^^^^^^^^^^^^^^^^
    ...<4 lines>...
    )
    ^
  File "/home/farrukh/Frontend/openbudjet-bot/venv/lib/python3.14/site-packages/aiogram/dispatcher/router.py", line 187, in _propagate_event
    response = await observer.trigger(event, **kwargs)
               ^^^^^^^^^^^^^^^^^^^^^^^^^^^^^^^^^^^^^^^
  File "/home/farrukh/Frontend/openbudjet-bot/venv/lib/python3.14/site-packages/aiogram/dispatcher/event/telegram.py", line 126, in trigger
    return await wrapped_inner(event, kwargs)
           ^^^^^^^^^^^^^^^^^^^^^^^^^^^^^^^^^^
  File "/home/farrukh/Frontend/openbudjet-bot/venv/lib/python3.14/site-packages/aiogram/dispatcher/event/handler.py", line 71, in call
    return await wrapped()
           ^^^^^^^^^^^^^^^
  File "/home/farrukh/Frontend/openbudjet-bot/handlers/user.py", line 132, in cmd_initiative_info
    session = message.bot.dispatcher.workflow_data.get("session")
              ^^^^^^^^^^^^^^^^^^^^^^
AttributeError: 'Bot' object has no attribute 'dispatcher'
2026-07-31 01:19:38,433 [WARNING] aiogram.dispatcher: Received SIGTERM signal
2026-07-31 01:19:38,434 [INFO] aiogram.dispatcher: Polling stopped for bot @open_budget_1102_bot id=8584314885 - 'Open Budget bot'
2026-07-31 01:19:38,434 [INFO] aiogram.dispatcher: Polling stopped
